<?xml version="1.0"?>
<link_info>
   <banner>MSP430 Linker PC v4.1.5</banner>
   <copyright>Copyright (c) 2003-2013 Texas Instruments Incorporated</copyright>
   <link_time>0x565a65a0</link_time>
   <output_file>wenduji.out</output_file>
   <entry_point>
      <name>_c_int00</name>
      <address>0xeac0</address>
   </entry_point>
   <input_file_list>
      <input_file id="fl-2">
         <path>.\</path>
         <kind>object</kind>
         <file>yeelink.obj</file>
         <name>yeelink.obj</name>
      </input_file>
      <input_file id="fl-3">
         <path>.\</path>
         <kind>object</kind>
         <file>usart.obj</file>
         <name>usart.obj</name>
      </input_file>
      <input_file id="fl-4">
         <path>.\</path>
         <kind>object</kind>
         <file>temp.obj</file>
         <name>temp.obj</name>
      </input_file>
      <input_file id="fl-5">
         <path>.\</path>
         <kind>object</kind>
         <file>main.obj</file>
         <name>main.obj</name>
      </input_file>
      <input_file id="fl-6">
         <path>.\</path>
         <kind>object</kind>
         <file>lewei.obj</file>
         <name>lewei.obj</name>
      </input_file>
      <input_file id="fl-20">
         <path>D:\TI\ccsv5\tools\compiler\msp430_4.1.5\lib\</path>
         <kind>archive</kind>
         <file>rts430_eabi.lib</file>
         <name>boot.obj</name>
      </input_file>
      <input_file id="fl-21">
         <path>D:\TI\ccsv5\tools\compiler\msp430_4.1.5\lib\</path>
         <kind>archive</kind>
         <file>rts430_eabi.lib</file>
         <name>copy_decompress_none.obj</name>
      </input_file>
      <input_file id="fl-22">
         <path>D:\TI\ccsv5\tools\compiler\msp430_4.1.5\lib\</path>
         <kind>archive</kind>
         <file>rts430_eabi.lib</file>
         <name>copy_decompress_rle.obj</name>
      </input_file>
      <input_file id="fl-23">
         <path>D:\TI\ccsv5\tools\compiler\msp430_4.1.5\lib\</path>
         <kind>archive</kind>
         <file>rts430_eabi.lib</file>
         <name>copy_zero_init.obj</name>
      </input_file>
      <input_file id="fl-24">
         <path>D:\TI\ccsv5\tools\compiler\msp430_4.1.5\lib\</path>
         <kind>archive</kind>
         <file>rts430_eabi.lib</file>
         <name>cvtdf.obj</name>
      </input_file>
      <input_file id="fl-25">
         <path>D:\TI\ccsv5\tools\compiler\msp430_4.1.5\lib\</path>
         <kind>archive</kind>
         <file>rts430_eabi.lib</file>
         <name>cvtfd.obj</name>
      </input_file>
      <input_file id="fl-26">
         <path>D:\TI\ccsv5\tools\compiler\msp430_4.1.5\lib\</path>
         <kind>archive</kind>
         <file>rts430_eabi.lib</file>
         <name>div16s.obj</name>
      </input_file>
      <input_file id="fl-27">
         <path>D:\TI\ccsv5\tools\compiler\msp430_4.1.5\lib\</path>
         <kind>archive</kind>
         <file>rts430_eabi.lib</file>
         <name>div16u.obj</name>
      </input_file>
      <input_file id="fl-28">
         <path>D:\TI\ccsv5\tools\compiler\msp430_4.1.5\lib\</path>
         <kind>archive</kind>
         <file>rts430_eabi.lib</file>
         <name>divd.obj</name>
      </input_file>
      <input_file id="fl-29">
         <path>D:\TI\ccsv5\tools\compiler\msp430_4.1.5\lib\</path>
         <kind>archive</kind>
         <file>rts430_eabi.lib</file>
         <name>epilog.obj</name>
      </input_file>
      <input_file id="fl-2a">
         <path>D:\TI\ccsv5\tools\compiler\msp430_4.1.5\lib\</path>
         <kind>archive</kind>
         <file>rts430_eabi.lib</file>
         <name>exit.obj</name>
      </input_file>
      <input_file id="fl-2b">
         <path>D:\TI\ccsv5\tools\compiler\msp430_4.1.5\lib\</path>
         <kind>archive</kind>
         <file>rts430_eabi.lib</file>
         <name>frcdivd.obj</name>
      </input_file>
      <input_file id="fl-2c">
         <path>D:\TI\ccsv5\tools\compiler\msp430_4.1.5\lib\</path>
         <kind>archive</kind>
         <file>rts430_eabi.lib</file>
         <name>fs_div.obj</name>
      </input_file>
      <input_file id="fl-2d">
         <path>D:\TI\ccsv5\tools\compiler\msp430_4.1.5\lib\</path>
         <kind>archive</kind>
         <file>rts430_eabi.lib</file>
         <name>fs_itof.obj</name>
      </input_file>
      <input_file id="fl-2e">
         <path>D:\TI\ccsv5\tools\compiler\msp430_4.1.5\lib\</path>
         <kind>archive</kind>
         <file>rts430_eabi.lib</file>
         <name>fs_mpy.obj</name>
      </input_file>
      <input_file id="fl-2f">
         <path>D:\TI\ccsv5\tools\compiler\msp430_4.1.5\lib\</path>
         <kind>archive</kind>
         <file>rts430_eabi.lib</file>
         <name>fs_toi.obj</name>
      </input_file>
      <input_file id="fl-30">
         <path>D:\TI\ccsv5\tools\compiler\msp430_4.1.5\lib\</path>
         <kind>archive</kind>
         <file>rts430_eabi.lib</file>
         <name>lsl16.obj</name>
      </input_file>
      <input_file id="fl-31">
         <path>D:\TI\ccsv5\tools\compiler\msp430_4.1.5\lib\</path>
         <kind>archive</kind>
         <file>rts430_eabi.lib</file>
         <name>lsl32.obj</name>
      </input_file>
      <input_file id="fl-32">
         <path>D:\TI\ccsv5\tools\compiler\msp430_4.1.5\lib\</path>
         <kind>archive</kind>
         <file>rts430_eabi.lib</file>
         <name>lsr16.obj</name>
      </input_file>
      <input_file id="fl-33">
         <path>D:\TI\ccsv5\tools\compiler\msp430_4.1.5\lib\</path>
         <kind>archive</kind>
         <file>rts430_eabi.lib</file>
         <name>lsr32.obj</name>
      </input_file>
      <input_file id="fl-34">
         <path>D:\TI\ccsv5\tools\compiler\msp430_4.1.5\lib\</path>
         <kind>archive</kind>
         <file>rts430_eabi.lib</file>
         <name>memcpy.obj</name>
      </input_file>
      <input_file id="fl-35">
         <path>D:\TI\ccsv5\tools\compiler\msp430_4.1.5\lib\</path>
         <kind>archive</kind>
         <file>rts430_eabi.lib</file>
         <name>memset.obj</name>
      </input_file>
      <input_file id="fl-36">
         <path>D:\TI\ccsv5\tools\compiler\msp430_4.1.5\lib\</path>
         <kind>archive</kind>
         <file>rts430_eabi.lib</file>
         <name>mpyd.obj</name>
      </input_file>
      <input_file id="fl-37">
         <path>D:\TI\ccsv5\tools\compiler\msp430_4.1.5\lib\</path>
         <kind>archive</kind>
         <file>rts430_eabi.lib</file>
         <name>mult16.obj</name>
      </input_file>
      <input_file id="fl-38">
         <path>D:\TI\ccsv5\tools\compiler\msp430_4.1.5\lib\</path>
         <kind>archive</kind>
         <file>rts430_eabi.lib</file>
         <name>mult32.obj</name>
      </input_file>
      <input_file id="fl-39">
         <path>D:\TI\ccsv5\tools\compiler\msp430_4.1.5\lib\</path>
         <kind>archive</kind>
         <file>rts430_eabi.lib</file>
         <name>pre_init.obj</name>
      </input_file>
      <input_file id="fl-3a">
         <path>D:\TI\ccsv5\tools\compiler\msp430_4.1.5\lib\</path>
         <kind>archive</kind>
         <file>rts430_eabi.lib</file>
         <name>sprintf.obj</name>
      </input_file>
      <input_file id="fl-3b">
         <path>D:\TI\ccsv5\tools\compiler\msp430_4.1.5\lib\</path>
         <kind>archive</kind>
         <file>rts430_eabi.lib</file>
         <name>strcat.obj</name>
      </input_file>
      <input_file id="fl-3c">
         <path>D:\TI\ccsv5\tools\compiler\msp430_4.1.5\lib\</path>
         <kind>archive</kind>
         <file>rts430_eabi.lib</file>
         <name>strlen.obj</name>
      </input_file>
      <input_file id="fl-3d">
         <path>D:\TI\ccsv5\tools\compiler\msp430_4.1.5\lib\</path>
         <kind>archive</kind>
         <file>rts430_eabi.lib</file>
         <name>subd.obj</name>
      </input_file>
      <input_file id="fl-3e">
         <path>D:\TI\ccsv5\tools\compiler\msp430_4.1.5\lib\</path>
         <kind>archive</kind>
         <file>rts430_eabi.lib</file>
         <name>_lock.obj</name>
      </input_file>
      <input_file id="fl-3f">
         <path>D:\TI\ccsv5\tools\compiler\msp430_4.1.5\lib\</path>
         <kind>archive</kind>
         <file>rts430_eabi.lib</file>
         <name>_printfi_nf.obj</name>
      </input_file>
      <input_file id="fl-40">
         <path>D:\TI\ccsv5\tools\compiler\msp430_4.1.5\lib\</path>
         <kind>archive</kind>
         <file>rts430_eabi.lib</file>
         <name>addd.obj</name>
      </input_file>
      <input_file id="fl-41">
         <path>D:\TI\ccsv5\tools\compiler\msp430_4.1.5\lib\</path>
         <kind>archive</kind>
         <file>rts430_eabi.lib</file>
         <name>args_main.obj</name>
      </input_file>
      <input_file id="fl-42">
         <path>D:\TI\ccsv5\tools\compiler\msp430_4.1.5\lib\</path>
         <kind>archive</kind>
         <file>rts430_eabi.lib</file>
         <name>asr16.obj</name>
      </input_file>
      <input_file id="fl-43">
         <path>D:\TI\ccsv5\tools\compiler\msp430_4.1.5\lib\</path>
         <kind>archive</kind>
         <file>rts430_eabi.lib</file>
         <name>asr32.obj</name>
      </input_file>
      <input_file id="fl-44">
         <path>D:\TI\ccsv5\tools\compiler\msp430_4.1.5\lib\</path>
         <kind>archive</kind>
         <file>rts430_eabi.lib</file>
         <name>atoi.obj</name>
      </input_file>
      <input_file id="fl-45">
         <path>D:\TI\ccsv5\tools\compiler\msp430_4.1.5\lib\</path>
         <kind>archive</kind>
         <file>rts430_eabi.lib</file>
         <name>autoinit.obj</name>
      </input_file>
      <input_file id="fl-46">
         <path>D:\TI\ccsv5\tools\compiler\msp430_4.1.5\lib\</path>
         <kind>archive</kind>
         <file>rts430_eabi.lib</file>
         <name>ctype.obj</name>
      </input_file>
      <input_file id="fl-47">
         <path>D:\TI\ccsv5\tools\compiler\msp430_4.1.5\lib\</path>
         <kind>archive</kind>
         <file>rts430_eabi.lib</file>
         <name>div32u.obj</name>
      </input_file>
      <input_file id="fl-48">
         <path>D:\TI\ccsv5\tools\compiler\msp430_4.1.5\lib\</path>
         <kind>archive</kind>
         <file>rts430_eabi.lib</file>
         <name>frcaddd.obj</name>
      </input_file>
      <input_file id="fl-49">
         <path>D:\TI\ccsv5\tools\compiler\msp430_4.1.5\lib\</path>
         <kind>archive</kind>
         <file>rts430_eabi.lib</file>
         <name>frcmpyd.obj</name>
      </input_file>
      <input_file id="fl-4a">
         <path>D:\TI\ccsv5\tools\compiler\msp430_4.1.5\lib\</path>
         <kind>archive</kind>
         <file>rts430_eabi.lib</file>
         <name>llmath.obj</name>
      </input_file>
      <input_file id="fl-4b">
         <path>D:\TI\ccsv5\tools\compiler\msp430_4.1.5\lib\</path>
         <kind>archive</kind>
         <file>rts430_eabi.lib</file>
         <name>memccpy.obj</name>
      </input_file>
      <input_file id="fl-4c">
         <path>D:\TI\ccsv5\tools\compiler\msp430_4.1.5\lib\</path>
         <kind>archive</kind>
         <file>rts430_eabi.lib</file>
         <name>mult64.obj</name>
      </input_file>
      <input_file id="fl-4d">
         <path>D:\TI\ccsv5\tools\compiler\msp430_4.1.5\lib\</path>
         <kind>archive</kind>
         <file>rts430_eabi.lib</file>
         <name>renormd.obj</name>
      </input_file>
      <input_file id="fl-4e">
         <path>D:\TI\ccsv5\tools\compiler\msp430_4.1.5\lib\</path>
         <kind>archive</kind>
         <file>rts430_eabi.lib</file>
         <name>abs.obj</name>
      </input_file>
      <input_file id="fl-4f">
         <path>D:\TI\ccsv5\tools\compiler\msp430_4.1.5\lib\</path>
         <kind>archive</kind>
         <file>rts430_eabi.lib</file>
         <name>mult1632.obj</name>
      </input_file>
   </input_file_list>
   <object_component_list>
      <object_component id="oc-4b">
         <name>.stack</name>
         <uninitialized>true</uninitialized>
         <run_address>0x3b0</run_address>
         <size>0x2</size>
         <input_file_ref idref="fl-20"/>
      </object_component>
      <object_component id="oc-26d">
         <name>.stack</name>
         <uninitialized>true</uninitialized>
         <run_address>0x3b0</run_address>
         <size>0x0</size>
      </object_component>
      <object_component id="oc-10f">
         <name>.text:_frcdivd</name>
         <load_address>0xc000</load_address>
         <run_address>0xc000</run_address>
         <size>0x45e</size>
         <input_file_ref idref="fl-2b"/>
      </object_component>
      <object_component id="oc-222">
         <name>.text:__mspabi_divull</name>
         <load_address>0xc45e</load_address>
         <run_address>0xc45e</run_address>
         <size>0x3b2</size>
         <input_file_ref idref="fl-4a"/>
      </object_component>
      <object_component id="oc-101">
         <name>.text:_frcmpyd</name>
         <load_address>0xc810</load_address>
         <run_address>0xc810</run_address>
         <size>0x2f8</size>
         <input_file_ref idref="fl-49"/>
      </object_component>
      <object_component id="oc-106">
         <name>.text:__mspabi_addd</name>
         <load_address>0xcb08</load_address>
         <run_address>0xcb08</run_address>
         <size>0x2e8</size>
         <input_file_ref idref="fl-40"/>
      </object_component>
      <object_component id="oc-15a">
         <name>.text:_frcaddd</name>
         <load_address>0xcdf0</load_address>
         <run_address>0xcdf0</run_address>
         <size>0x26e</size>
         <input_file_ref idref="fl-48"/>
      </object_component>
      <object_component id="oc-b6">
         <name>.text:__mspabi_mpyd</name>
         <load_address>0xd05e</load_address>
         <run_address>0xd05e</run_address>
         <size>0x256</size>
         <input_file_ref idref="fl-36"/>
      </object_component>
      <object_component id="oc-be">
         <name>.text:__mspabi_divd</name>
         <load_address>0xd2b4</load_address>
         <run_address>0xd2b4</run_address>
         <size>0x238</size>
         <input_file_ref idref="fl-28"/>
      </object_component>
      <object_component id="oc-178">
         <name>.text:_printfi_nofloat</name>
         <load_address>0xd4ec</load_address>
         <run_address>0xd4ec</run_address>
         <size>0x1d0</size>
         <input_file_ref idref="fl-3f"/>
      </object_component>
      <object_component id="oc-1b2">
         <name>.text:_setfield</name>
         <load_address>0xd6bc</load_address>
         <run_address>0xd6bc</run_address>
         <size>0x1be</size>
         <input_file_ref idref="fl-3f"/>
      </object_component>
      <object_component id="oc-1f0">
         <name>.text:_getarg_diouxp</name>
         <load_address>0xd87a</load_address>
         <run_address>0xd87a</run_address>
         <size>0x168</size>
         <input_file_ref idref="fl-3f"/>
      </object_component>
      <object_component id="oc-c6">
         <name>.text:yeelink_send</name>
         <load_address>0xd9e2</load_address>
         <run_address>0xd9e2</run_address>
         <size>0x15c</size>
         <input_file_ref idref="fl-2"/>
      </object_component>
      <object_component id="oc-55">
         <name>.text:main</name>
         <load_address>0xdb3e</load_address>
         <run_address>0xdb3e</run_address>
         <size>0x152</size>
         <input_file_ref idref="fl-5"/>
      </object_component>
      <object_component id="oc-1d8">
         <name>.text:_pproc_diouxp</name>
         <load_address>0xdc90</load_address>
         <run_address>0xdc90</run_address>
         <size>0x126</size>
         <input_file_ref idref="fl-3f"/>
      </object_component>
      <object_component id="oc-20c">
         <name>.text:__mpyll</name>
         <load_address>0xddb6</load_address>
         <run_address>0xddb6</run_address>
         <size>0x114</size>
         <input_file_ref idref="fl-4c"/>
      </object_component>
      <object_component id="oc-1f4">
         <name>.text:_ltostr</name>
         <load_address>0xdeca</load_address>
         <run_address>0xdeca</run_address>
         <size>0x106</size>
         <input_file_ref idref="fl-3f"/>
      </object_component>
      <object_component id="oc-1ae">
         <name>.text:_pproc_fwp</name>
         <load_address>0xdfd0</load_address>
         <run_address>0xdfd0</run_address>
         <size>0xfe</size>
         <input_file_ref idref="fl-3f"/>
      </object_component>
      <object_component id="oc-122">
         <name>.text</name>
         <load_address>0xe0ce</load_address>
         <run_address>0xe0ce</run_address>
         <size>0xc2</size>
         <input_file_ref idref="fl-2e"/>
      </object_component>
      <object_component id="oc-19c">
         <name>.text:_renormd</name>
         <load_address>0xe190</load_address>
         <run_address>0xe190</run_address>
         <size>0xc0</size>
         <input_file_ref idref="fl-4d"/>
      </object_component>
      <object_component id="oc-1b6">
         <name>.text:_pproc_str</name>
         <load_address>0xe250</load_address>
         <run_address>0xe250</run_address>
         <size>0xac</size>
         <input_file_ref idref="fl-3f"/>
      </object_component>
      <object_component id="oc-c2">
         <name>.text:__mspabi_cvtdf</name>
         <load_address>0xe2fc</load_address>
         <run_address>0xe2fc</run_address>
         <size>0xa8</size>
         <input_file_ref idref="fl-24"/>
      </object_component>
      <object_component id="oc-ae">
         <name>.text</name>
         <load_address>0xe3a4</load_address>
         <run_address>0xe3a4</run_address>
         <size>0x9a</size>
         <input_file_ref idref="fl-2c"/>
      </object_component>
      <object_component id="oc-208">
         <name>.text:_div</name>
         <load_address>0xe43e</load_address>
         <run_address>0xe43e</run_address>
         <size>0x8a</size>
         <input_file_ref idref="fl-3f"/>
      </object_component>
      <object_component id="oc-b2">
         <name>.text:__mspabi_cvtfd</name>
         <load_address>0xe4c8</load_address>
         <run_address>0xe4c8</run_address>
         <size>0x80</size>
         <input_file_ref idref="fl-25"/>
      </object_component>
      <object_component id="oc-11e">
         <name>.text</name>
         <load_address>0xe548</load_address>
         <run_address>0xe548</run_address>
         <size>0x68</size>
         <input_file_ref idref="fl-2f"/>
      </object_component>
      <object_component id="oc-51">
         <name>.text:_auto_init</name>
         <load_address>0xe5b0</load_address>
         <run_address>0xe5b0</run_address>
         <size>0x5e</size>
         <input_file_ref idref="fl-45"/>
      </object_component>
      <object_component id="oc-150">
         <name>.text:l_lsr_const</name>
         <load_address>0xe60e</load_address>
         <run_address>0xe60e</run_address>
         <size>0x5c</size>
         <input_file_ref idref="fl-33"/>
      </object_component>
      <object_component id="oc-21e">
         <name>.text</name>
         <load_address>0xe66a</load_address>
         <run_address>0xe66a</run_address>
         <size>0x58</size>
         <input_file_ref idref="fl-47"/>
      </object_component>
      <object_component id="oc-1d2">
         <name>.text:atoi</name>
         <load_address>0xe6c2</load_address>
         <run_address>0xe6c2</run_address>
         <size>0x54</size>
         <input_file_ref idref="fl-44"/>
      </object_component>
      <object_component id="oc-10b">
         <name>.text</name>
         <load_address>0xe716</load_address>
         <run_address>0xe716</run_address>
         <size>0x4c</size>
         <input_file_ref idref="fl-32"/>
      </object_component>
      <object_component id="oc-21a">
         <name>.text:__mspabi_srlll</name>
         <load_address>0xe762</load_address>
         <run_address>0xe762</run_address>
         <size>0x4a</size>
         <input_file_ref idref="fl-4a"/>
      </object_component>
      <object_component id="oc-22e">
         <name>.text:__mspabi_sllll</name>
         <load_address>0xe7ac</load_address>
         <run_address>0xe7ac</run_address>
         <size>0x48</size>
         <input_file_ref idref="fl-4a"/>
      </object_component>
      <object_component id="oc-1aa">
         <name>.text:_pproc_fflags</name>
         <load_address>0xe7f4</load_address>
         <run_address>0xe7f4</run_address>
         <size>0x44</size>
         <input_file_ref idref="fl-3f"/>
      </object_component>
      <object_component id="oc-f7">
         <name>.text:l_asr_const</name>
         <load_address>0xe838</load_address>
         <run_address>0xe838</run_address>
         <size>0x3e</size>
         <input_file_ref idref="fl-43"/>
      </object_component>
      <object_component id="oc-114">
         <name>.text:l_lsl_const</name>
         <load_address>0xe876</load_address>
         <run_address>0xe876</run_address>
         <size>0x3e</size>
         <input_file_ref idref="fl-31"/>
      </object_component>
      <object_component id="oc-95">
         <name>.text:Usart_Init</name>
         <load_address>0xe8b4</load_address>
         <run_address>0xe8b4</run_address>
         <size>0x3a</size>
         <input_file_ref idref="fl-3"/>
      </object_component>
      <object_component id="oc-12a">
         <name>.text:sprintf</name>
         <load_address>0xe8ee</load_address>
         <run_address>0xe8ee</run_address>
         <size>0x38</size>
         <input_file_ref idref="fl-3a"/>
      </object_component>
      <object_component id="oc-ba">
         <name>.text:__mspabi_subd</name>
         <load_address>0xe926</load_address>
         <run_address>0xe926</run_address>
         <size>0x36</size>
         <input_file_ref idref="fl-3d"/>
      </object_component>
      <object_component id="oc-aa">
         <name>.text</name>
         <load_address>0xe95c</load_address>
         <run_address>0xe95c</run_address>
         <size>0x36</size>
         <input_file_ref idref="fl-2d"/>
      </object_component>
      <object_component id="oc-ef">
         <name>.text</name>
         <load_address>0xe992</load_address>
         <run_address>0xe992</run_address>
         <size>0x2c</size>
         <input_file_ref idref="fl-42"/>
      </object_component>
      <object_component id="oc-126">
         <name>.text</name>
         <load_address>0xe9be</load_address>
         <run_address>0xe9be</run_address>
         <size>0x2c</size>
         <input_file_ref idref="fl-26"/>
      </object_component>
      <object_component id="oc-f3">
         <name>.text</name>
         <load_address>0xe9ea</load_address>
         <run_address>0xe9ea</run_address>
         <size>0x2c</size>
         <input_file_ref idref="fl-30"/>
      </object_component>
      <object_component id="oc-3f">
         <name>.text:USCI0RX_ISR</name>
         <load_address>0xea16</load_address>
         <run_address>0xea16</run_address>
         <size>0x2a</size>
         <input_file_ref idref="fl-3"/>
      </object_component>
      <object_component id="oc-154">
         <name>.text</name>
         <load_address>0xea40</load_address>
         <run_address>0xea40</run_address>
         <size>0x26</size>
         <input_file_ref idref="fl-38"/>
      </object_component>
      <object_component id="oc-227">
         <name>.text:__mpyul</name>
         <load_address>0xea66</load_address>
         <run_address>0xea66</run_address>
         <size>0x22</size>
         <input_file_ref idref="fl-4f"/>
      </object_component>
      <object_component id="oc-a5">
         <name>.text:GetTemp</name>
         <load_address>0xea88</load_address>
         <run_address>0xea88</run_address>
         <size>0x1c</size>
         <input_file_ref idref="fl-4"/>
      </object_component>
      <object_component id="oc-1dc">
         <name>.text:memccpy</name>
         <load_address>0xeaa4</load_address>
         <run_address>0xeaa4</run_address>
         <size>0x1c</size>
         <input_file_ref idref="fl-4b"/>
      </object_component>
      <object_component id="oc-2e">
         <name>.text:_c_int00_noexit</name>
         <load_address>0xeac0</load_address>
         <run_address>0xeac0</run_address>
         <size>0x1a</size>
         <input_file_ref idref="fl-20"/>
      </object_component>
      <object_component id="oc-170">
         <name>.text:_outs</name>
         <load_address>0xeada</load_address>
         <run_address>0xeada</run_address>
         <size>0x1a</size>
         <input_file_ref idref="fl-3a"/>
      </object_component>
      <object_component id="oc-a0">
         <name>.text:put</name>
         <load_address>0xeaf4</load_address>
         <run_address>0xeaf4</run_address>
         <size>0x16</size>
         <input_file_ref idref="fl-3"/>
      </object_component>
      <object_component id="oc-16b">
         <name>.text</name>
         <load_address>0xeb0a</load_address>
         <run_address>0xeb0a</run_address>
         <size>0x16</size>
         <input_file_ref idref="fl-27"/>
      </object_component>
      <object_component id="oc-37">
         <name>.text:decompress:ZI:__TI_zero_init</name>
         <load_address>0xeb20</load_address>
         <run_address>0xeb20</run_address>
         <size>0x14</size>
         <input_file_ref idref="fl-23"/>
      </object_component>
      <object_component id="oc-119">
         <name>.text:memset</name>
         <load_address>0xeb34</load_address>
         <run_address>0xeb34</run_address>
         <size>0x14</size>
         <input_file_ref idref="fl-35"/>
      </object_component>
      <object_component id="oc-160">
         <name>.text</name>
         <load_address>0xeb48</load_address>
         <run_address>0xeb48</run_address>
         <size>0x14</size>
         <input_file_ref idref="fl-37"/>
      </object_component>
      <object_component id="oc-174">
         <name>.text:_outc</name>
         <load_address>0xeb5c</load_address>
         <run_address>0xeb5c</run_address>
         <size>0x12</size>
         <input_file_ref idref="fl-3a"/>
      </object_component>
      <object_component id="oc-194">
         <name>.text:l_lsr</name>
         <load_address>0xeb6e</load_address>
         <run_address>0xeb6e</run_address>
         <size>0x12</size>
         <input_file_ref idref="fl-33"/>
      </object_component>
      <object_component id="oc-5f">
         <name>.text:memcpy</name>
         <load_address>0xeb80</load_address>
         <run_address>0xeb80</run_address>
         <size>0x12</size>
         <input_file_ref idref="fl-34"/>
      </object_component>
      <object_component id="oc-198">
         <name>.text:l_asr</name>
         <load_address>0xeb92</load_address>
         <run_address>0xeb92</run_address>
         <size>0x10</size>
         <input_file_ref idref="fl-43"/>
      </object_component>
      <object_component id="oc-190">
         <name>.text:l_lsl</name>
         <load_address>0xeba2</load_address>
         <run_address>0xeba2</run_address>
         <size>0x10</size>
         <input_file_ref idref="fl-31"/>
      </object_component>
      <object_component id="oc-8b">
         <name>.text</name>
         <load_address>0xebb2</load_address>
         <run_address>0xebb2</run_address>
         <size>0x10</size>
         <input_file_ref idref="fl-29"/>
      </object_component>
      <object_component id="oc-90">
         <name>.text:CLK_Init</name>
         <load_address>0xebc2</load_address>
         <run_address>0xebc2</run_address>
         <size>0xe</size>
         <input_file_ref idref="fl-5"/>
      </object_component>
      <object_component id="oc-9a">
         <name>.text:InitTemp</name>
         <load_address>0xebd0</load_address>
         <run_address>0xebd0</run_address>
         <size>0xe</size>
         <input_file_ref idref="fl-4"/>
      </object_component>
      <object_component id="oc-12e">
         <name>.text:strlen</name>
         <load_address>0xebde</load_address>
         <run_address>0xebde</run_address>
         <size>0xe</size>
         <input_file_ref idref="fl-3c"/>
      </object_component>
      <object_component id="oc-45">
         <name>.text:ADC10_ISR</name>
         <load_address>0xebec</load_address>
         <run_address>0xebec</run_address>
         <size>0x8</size>
         <input_file_ref idref="fl-4"/>
      </object_component>
      <object_component id="oc-4d">
         <name>.text:_system_pre_init</name>
         <load_address>0xebf4</load_address>
         <run_address>0xebf4</run_address>
         <size>0x4</size>
         <input_file_ref idref="fl-39"/>
      </object_component>
      <object_component id="oc-5a">
         <name>.text:abort</name>
         <load_address>0xebf8</load_address>
         <run_address>0xebf8</run_address>
         <size>0x4</size>
         <input_file_ref idref="fl-2a"/>
      </object_component>
      <object_component id="oc-26c">
         <name>.cinit..bss.load</name>
         <load_address>0xeea0</load_address>
         <run_address>0xeea0</run_address>
         <size>0x4</size>
      </object_component>
      <object_component id="oc-26a">
         <name>__TI_handler_table</name>
         <load_address>0xeea4</load_address>
         <run_address>0xeea4</run_address>
         <size>0x2</size>
      </object_component>
      <object_component id="oc-26b">
         <name>__TI_cinit_table</name>
         <load_address>0xeea6</load_address>
         <run_address>0xeea6</run_address>
         <size>0x4</size>
      </object_component>
      <object_component id="oc-11d">
         <name>.const:.string</name>
         <load_address>0xebfc</load_address>
         <run_address>0xebfc</run_address>
         <size>0x13e</size>
         <input_file_ref idref="fl-2"/>
      </object_component>
      <object_component id="oc-1ec">
         <name>.const:.string:_ctypes_</name>
         <load_address>0xed3a</load_address>
         <run_address>0xed3a</run_address>
         <size>0x101</size>
         <input_file_ref idref="fl-46"/>
      </object_component>
      <object_component id="oc-9f">
         <name>.const:.string</name>
         <load_address>0xee3c</load_address>
         <run_address>0xee3c</run_address>
         <size>0x40</size>
         <input_file_ref idref="fl-5"/>
      </object_component>
      <object_component id="oc-1d7">
         <name>.const:.string</name>
         <load_address>0xee7c</load_address>
         <run_address>0xee7c</run_address>
         <size>0x24</size>
         <input_file_ref idref="fl-3f"/>
      </object_component>
      <object_component id="oc-46">
         <name>.int05</name>
         <load_address>0xffea</load_address>
         <run_address>0xffea</run_address>
         <size>0x2</size>
         <input_file_ref idref="fl-4"/>
      </object_component>
      <object_component id="oc-40">
         <name>.int07</name>
         <load_address>0xffee</load_address>
         <run_address>0xffee</run_address>
         <size>0x2</size>
         <input_file_ref idref="fl-3"/>
      </object_component>
      <object_component id="oc-2f">
         <name>.reset</name>
         <load_address>0xfffe</load_address>
         <run_address>0xfffe</run_address>
         <size>0x2</size>
         <input_file_ref idref="fl-20"/>
      </object_component>
      <object_component id="oc-7a">
         <name>.bss</name>
         <uninitialized>true</uninitialized>
         <run_address>0x200</run_address>
         <size>0x4</size>
         <input_file_ref idref="fl-3"/>
      </object_component>
      <object_component id="oc-30">
         <name>.debug_info</name>
         <load_address>0x0</load_address>
         <run_address>0x0</run_address>
         <size>0x129</size>
         <input_file_ref idref="fl-20"/>
      </object_component>
      <object_component id="oc-38">
         <name>.debug_info</name>
         <load_address>0x129</load_address>
         <run_address>0x129</run_address>
         <size>0x193</size>
         <input_file_ref idref="fl-23"/>
      </object_component>
      <object_component id="oc-41">
         <name>.debug_info</name>
         <load_address>0x2bc</load_address>
         <run_address>0x2bc</run_address>
         <size>0x149</size>
         <input_file_ref idref="fl-3"/>
      </object_component>
      <object_component id="oc-47">
         <name>.debug_info</name>
         <load_address>0x405</load_address>
         <run_address>0x405</run_address>
         <size>0xe0</size>
         <input_file_ref idref="fl-4"/>
      </object_component>
      <object_component id="oc-4c">
         <name>.debug_info</name>
         <load_address>0x4e5</load_address>
         <run_address>0x4e5</run_address>
         <size>0xaa</size>
         <input_file_ref idref="fl-20"/>
      </object_component>
      <object_component id="oc-4e">
         <name>.debug_info</name>
         <load_address>0x58f</load_address>
         <run_address>0x58f</run_address>
         <size>0x101</size>
         <input_file_ref idref="fl-39"/>
      </object_component>
      <object_component id="oc-52">
         <name>.debug_info</name>
         <load_address>0x690</load_address>
         <run_address>0x690</run_address>
         <size>0x1aa</size>
         <input_file_ref idref="fl-45"/>
      </object_component>
      <object_component id="oc-56">
         <name>.debug_info</name>
         <load_address>0x83a</load_address>
         <run_address>0x83a</run_address>
         <size>0x22b</size>
         <input_file_ref idref="fl-5"/>
      </object_component>
      <object_component id="oc-5b">
         <name>.debug_info</name>
         <load_address>0xa65</load_address>
         <run_address>0xa65</run_address>
         <size>0x121</size>
         <input_file_ref idref="fl-2a"/>
      </object_component>
      <object_component id="oc-60">
         <name>.debug_info</name>
         <load_address>0xb86</load_address>
         <run_address>0xb86</run_address>
         <size>0x160</size>
         <input_file_ref idref="fl-34"/>
      </object_component>
      <object_component id="oc-6a">
         <name>.debug_info</name>
         <load_address>0xce6</load_address>
         <run_address>0xce6</run_address>
         <size>0x46</size>
         <input_file_ref idref="fl-23"/>
      </object_component>
      <object_component id="oc-7b">
         <name>.debug_info</name>
         <load_address>0xd2c</load_address>
         <run_address>0xd2c</run_address>
         <size>0xdb</size>
         <input_file_ref idref="fl-3"/>
      </object_component>
      <object_component id="oc-80">
         <name>.debug_info</name>
         <load_address>0xe07</load_address>
         <run_address>0xe07</run_address>
         <size>0x89</size>
         <input_file_ref idref="fl-20"/>
      </object_component>
      <object_component id="oc-86">
         <name>.debug_info</name>
         <load_address>0xe90</load_address>
         <run_address>0xe90</run_address>
         <size>0x84</size>
         <input_file_ref idref="fl-22"/>
      </object_component>
      <object_component id="oc-8c">
         <name>.debug_info</name>
         <load_address>0xf14</load_address>
         <run_address>0xf14</run_address>
         <size>0xe2</size>
         <input_file_ref idref="fl-29"/>
      </object_component>
      <object_component id="oc-91">
         <name>.debug_info</name>
         <load_address>0xff6</load_address>
         <run_address>0xff6</run_address>
         <size>0xdd</size>
         <input_file_ref idref="fl-5"/>
      </object_component>
      <object_component id="oc-96">
         <name>.debug_info</name>
         <load_address>0x10d3</load_address>
         <run_address>0x10d3</run_address>
         <size>0xe4</size>
         <input_file_ref idref="fl-3"/>
      </object_component>
      <object_component id="oc-9b">
         <name>.debug_info</name>
         <load_address>0x11b7</load_address>
         <run_address>0x11b7</run_address>
         <size>0xdd</size>
         <input_file_ref idref="fl-4"/>
      </object_component>
      <object_component id="oc-a1">
         <name>.debug_info</name>
         <load_address>0x1294</load_address>
         <run_address>0x1294</run_address>
         <size>0x1b9</size>
         <input_file_ref idref="fl-3"/>
      </object_component>
      <object_component id="oc-a6">
         <name>.debug_info</name>
         <load_address>0x144d</load_address>
         <run_address>0x144d</run_address>
         <size>0xdf</size>
         <input_file_ref idref="fl-4"/>
      </object_component>
      <object_component id="oc-ab">
         <name>.debug_info</name>
         <load_address>0x152c</load_address>
         <run_address>0x152c</run_address>
         <size>0xde</size>
         <input_file_ref idref="fl-2d"/>
      </object_component>
      <object_component id="oc-af">
         <name>.debug_info</name>
         <load_address>0x160a</load_address>
         <run_address>0x160a</run_address>
         <size>0xd5</size>
         <input_file_ref idref="fl-2c"/>
      </object_component>
      <object_component id="oc-b3">
         <name>.debug_info</name>
         <load_address>0x16df</load_address>
         <run_address>0x16df</run_address>
         <size>0x147</size>
         <input_file_ref idref="fl-25"/>
      </object_component>
      <object_component id="oc-b7">
         <name>.debug_info</name>
         <load_address>0x1826</load_address>
         <run_address>0x1826</run_address>
         <size>0x1ca</size>
         <input_file_ref idref="fl-36"/>
      </object_component>
      <object_component id="oc-bb">
         <name>.debug_info</name>
         <load_address>0x19f0</load_address>
         <run_address>0x19f0</run_address>
         <size>0x137</size>
         <input_file_ref idref="fl-3d"/>
      </object_component>
      <object_component id="oc-bf">
         <name>.debug_info</name>
         <load_address>0x1b27</load_address>
         <run_address>0x1b27</run_address>
         <size>0x18a</size>
         <input_file_ref idref="fl-28"/>
      </object_component>
      <object_component id="oc-c3">
         <name>.debug_info</name>
         <load_address>0x1cb1</load_address>
         <run_address>0x1cb1</run_address>
         <size>0x15d</size>
         <input_file_ref idref="fl-24"/>
      </object_component>
      <object_component id="oc-c7">
         <name>.debug_info</name>
         <load_address>0x1e0e</load_address>
         <run_address>0x1e0e</run_address>
         <size>0x2df</size>
         <input_file_ref idref="fl-2"/>
      </object_component>
      <object_component id="oc-cc">
         <name>.debug_info</name>
         <load_address>0x20ed</load_address>
         <run_address>0x20ed</run_address>
         <size>0x2d0</size>
         <input_file_ref idref="fl-5"/>
      </object_component>
      <object_component id="oc-cf">
         <name>.debug_info</name>
         <load_address>0x23bd</load_address>
         <run_address>0x23bd</run_address>
         <size>0x112</size>
         <input_file_ref idref="fl-34"/>
      </object_component>
      <object_component id="oc-d0">
         <name>.debug_info</name>
         <load_address>0x24cf</load_address>
         <run_address>0x24cf</run_address>
         <size>0x2c</size>
         <input_file_ref idref="fl-22"/>
      </object_component>
      <object_component id="oc-db">
         <name>.debug_info</name>
         <load_address>0x24fb</load_address>
         <run_address>0x24fb</run_address>
         <size>0x11a</size>
         <input_file_ref idref="fl-23"/>
      </object_component>
      <object_component id="oc-e1">
         <name>.debug_info</name>
         <load_address>0x2615</load_address>
         <run_address>0x2615</run_address>
         <size>0x257</size>
         <input_file_ref idref="fl-3"/>
      </object_component>
      <object_component id="oc-e8">
         <name>.debug_info</name>
         <load_address>0x286c</load_address>
         <run_address>0x286c</run_address>
         <size>0x84</size>
         <input_file_ref idref="fl-4"/>
      </object_component>
      <object_component id="oc-f0">
         <name>.debug_info</name>
         <load_address>0x28f0</load_address>
         <run_address>0x28f0</run_address>
         <size>0xd4</size>
         <input_file_ref idref="fl-42"/>
      </object_component>
      <object_component id="oc-f4">
         <name>.debug_info</name>
         <load_address>0x29c4</load_address>
         <run_address>0x29c4</run_address>
         <size>0xd4</size>
         <input_file_ref idref="fl-30"/>
      </object_component>
      <object_component id="oc-f8">
         <name>.debug_info</name>
         <load_address>0x2a98</load_address>
         <run_address>0x2a98</run_address>
         <size>0xda</size>
         <input_file_ref idref="fl-43"/>
      </object_component>
      <object_component id="oc-fc">
         <name>.debug_info</name>
         <load_address>0x2b72</load_address>
         <run_address>0x2b72</run_address>
         <size>0x8b</size>
         <input_file_ref idref="fl-24"/>
      </object_component>
      <object_component id="oc-102">
         <name>.debug_info</name>
         <load_address>0x2bfd</load_address>
         <run_address>0x2bfd</run_address>
         <size>0x329</size>
         <input_file_ref idref="fl-49"/>
      </object_component>
      <object_component id="oc-107">
         <name>.debug_info</name>
         <load_address>0x2f26</load_address>
         <run_address>0x2f26</run_address>
         <size>0x174</size>
         <input_file_ref idref="fl-40"/>
      </object_component>
      <object_component id="oc-10c">
         <name>.debug_info</name>
         <load_address>0x309a</load_address>
         <run_address>0x309a</run_address>
         <size>0xd4</size>
         <input_file_ref idref="fl-32"/>
      </object_component>
      <object_component id="oc-110">
         <name>.debug_info</name>
         <load_address>0x316e</load_address>
         <run_address>0x316e</run_address>
         <size>0x4e6</size>
         <input_file_ref idref="fl-2b"/>
      </object_component>
      <object_component id="oc-115">
         <name>.debug_info</name>
         <load_address>0x3654</load_address>
         <run_address>0x3654</run_address>
         <size>0xda</size>
         <input_file_ref idref="fl-31"/>
      </object_component>
      <object_component id="oc-11a">
         <name>.debug_info</name>
         <load_address>0x372e</load_address>
         <run_address>0x372e</run_address>
         <size>0x1b5</size>
         <input_file_ref idref="fl-35"/>
      </object_component>
      <object_component id="oc-11f">
         <name>.debug_info</name>
         <load_address>0x38e3</load_address>
         <run_address>0x38e3</run_address>
         <size>0xe9</size>
         <input_file_ref idref="fl-2f"/>
      </object_component>
      <object_component id="oc-123">
         <name>.debug_info</name>
         <load_address>0x39cc</load_address>
         <run_address>0x39cc</run_address>
         <size>0xd5</size>
         <input_file_ref idref="fl-2e"/>
      </object_component>
      <object_component id="oc-127">
         <name>.debug_info</name>
         <load_address>0x3aa1</load_address>
         <run_address>0x3aa1</run_address>
         <size>0xe9</size>
         <input_file_ref idref="fl-26"/>
      </object_component>
      <object_component id="oc-12b">
         <name>.debug_info</name>
         <load_address>0x3b8a</load_address>
         <run_address>0x3b8a</run_address>
         <size>0x12b</size>
         <input_file_ref idref="fl-3a"/>
      </object_component>
      <object_component id="oc-12f">
         <name>.debug_info</name>
         <load_address>0x3cb5</load_address>
         <run_address>0x3cb5</run_address>
         <size>0x194</size>
         <input_file_ref idref="fl-3c"/>
      </object_component>
      <object_component id="oc-133">
         <name>.debug_info</name>
         <load_address>0x3e49</load_address>
         <run_address>0x3e49</run_address>
         <size>0x1d6</size>
         <input_file_ref idref="fl-2"/>
      </object_component>
      <object_component id="oc-134">
         <name>.debug_info</name>
         <load_address>0x401f</load_address>
         <run_address>0x401f</run_address>
         <size>0x90</size>
         <input_file_ref idref="fl-2"/>
      </object_component>
      <object_component id="oc-13b">
         <name>.debug_info</name>
         <load_address>0x40af</load_address>
         <run_address>0x40af</run_address>
         <size>0x8b</size>
         <input_file_ref idref="fl-3"/>
      </object_component>
      <object_component id="oc-142">
         <name>.debug_info</name>
         <load_address>0x413a</load_address>
         <run_address>0x413a</run_address>
         <size>0x90</size>
         <input_file_ref idref="fl-34"/>
      </object_component>
      <object_component id="oc-151">
         <name>.debug_info</name>
         <load_address>0x41ca</load_address>
         <run_address>0x41ca</run_address>
         <size>0xda</size>
         <input_file_ref idref="fl-33"/>
      </object_component>
      <object_component id="oc-155">
         <name>.debug_info</name>
         <load_address>0x42a4</load_address>
         <run_address>0x42a4</run_address>
         <size>0xd5</size>
         <input_file_ref idref="fl-38"/>
      </object_component>
      <object_component id="oc-159">
         <name>.debug_info</name>
         <load_address>0x4379</load_address>
         <run_address>0x4379</run_address>
         <size>0x11c</size>
         <input_file_ref idref="fl-49"/>
      </object_component>
      <object_component id="oc-15b">
         <name>.debug_info</name>
         <load_address>0x4495</load_address>
         <run_address>0x4495</run_address>
         <size>0x1dc</size>
         <input_file_ref idref="fl-48"/>
      </object_component>
      <object_component id="oc-161">
         <name>.debug_info</name>
         <load_address>0x4671</load_address>
         <run_address>0x4671</run_address>
         <size>0xd5</size>
         <input_file_ref idref="fl-37"/>
      </object_component>
      <object_component id="oc-165">
         <name>.debug_info</name>
         <load_address>0x4746</load_address>
         <run_address>0x4746</run_address>
         <size>0x11c</size>
         <input_file_ref idref="fl-2b"/>
      </object_component>
      <object_component id="oc-168">
         <name>.debug_info</name>
         <load_address>0x4862</load_address>
         <run_address>0x4862</run_address>
         <size>0x107</size>
         <input_file_ref idref="fl-35"/>
      </object_component>
      <object_component id="oc-16c">
         <name>.debug_info</name>
         <load_address>0x4969</load_address>
         <run_address>0x4969</run_address>
         <size>0xd5</size>
         <input_file_ref idref="fl-27"/>
      </object_component>
      <object_component id="oc-171">
         <name>.debug_info</name>
         <load_address>0x4a3e</load_address>
         <run_address>0x4a3e</run_address>
         <size>0x117</size>
         <input_file_ref idref="fl-3a"/>
      </object_component>
      <object_component id="oc-175">
         <name>.debug_info</name>
         <load_address>0x4b55</load_address>
         <run_address>0x4b55</run_address>
         <size>0x101</size>
         <input_file_ref idref="fl-3a"/>
      </object_component>
      <object_component id="oc-179">
         <name>.debug_info</name>
         <load_address>0x4c56</load_address>
         <run_address>0x4c56</run_address>
         <size>0x396</size>
         <input_file_ref idref="fl-3f"/>
      </object_component>
      <object_component id="oc-17d">
         <name>.debug_info</name>
         <load_address>0x4fec</load_address>
         <run_address>0x4fec</run_address>
         <size>0x1df</size>
         <input_file_ref idref="fl-3a"/>
      </object_component>
      <object_component id="oc-17f">
         <name>.debug_info</name>
         <load_address>0x51cb</load_address>
         <run_address>0x51cb</run_address>
         <size>0x10c</size>
         <input_file_ref idref="fl-3c"/>
      </object_component>
      <object_component id="oc-182">
         <name>.debug_info</name>
         <load_address>0x52d7</load_address>
         <run_address>0x52d7</run_address>
         <size>0xc8</size>
         <input_file_ref idref="fl-2"/>
      </object_component>
      <object_component id="oc-18b">
         <name>.debug_info</name>
         <load_address>0x539f</load_address>
         <run_address>0x539f</run_address>
         <size>0x109</size>
         <input_file_ref idref="fl-28"/>
      </object_component>
      <object_component id="oc-191">
         <name>.debug_info</name>
         <load_address>0x54a8</load_address>
         <run_address>0x54a8</run_address>
         <size>0xd4</size>
         <input_file_ref idref="fl-31"/>
      </object_component>
      <object_component id="oc-195">
         <name>.debug_info</name>
         <load_address>0x557c</load_address>
         <run_address>0x557c</run_address>
         <size>0xd4</size>
         <input_file_ref idref="fl-33"/>
      </object_component>
      <object_component id="oc-199">
         <name>.debug_info</name>
         <load_address>0x5650</load_address>
         <run_address>0x5650</run_address>
         <size>0xd4</size>
         <input_file_ref idref="fl-43"/>
      </object_component>
      <object_component id="oc-19d">
         <name>.debug_info</name>
         <load_address>0x5724</load_address>
         <run_address>0x5724</run_address>
         <size>0x228</size>
         <input_file_ref idref="fl-4d"/>
      </object_component>
      <object_component id="oc-1a1">
         <name>.debug_info</name>
         <load_address>0x594c</load_address>
         <run_address>0x594c</run_address>
         <size>0x142</size>
         <input_file_ref idref="fl-48"/>
      </object_component>
      <object_component id="oc-1ab">
         <name>.debug_info</name>
         <load_address>0x5a8e</load_address>
         <run_address>0x5a8e</run_address>
         <size>0x1d1</size>
         <input_file_ref idref="fl-3f"/>
      </object_component>
      <object_component id="oc-1af">
         <name>.debug_info</name>
         <load_address>0x5c5f</load_address>
         <run_address>0x5c5f</run_address>
         <size>0x247</size>
         <input_file_ref idref="fl-3f"/>
      </object_component>
      <object_component id="oc-1b3">
         <name>.debug_info</name>
         <load_address>0x5ea6</load_address>
         <run_address>0x5ea6</run_address>
         <size>0x195</size>
         <input_file_ref idref="fl-3f"/>
      </object_component>
      <object_component id="oc-1b7">
         <name>.debug_info</name>
         <load_address>0x603b</load_address>
         <run_address>0x603b</run_address>
         <size>0x28e</size>
         <input_file_ref idref="fl-3f"/>
      </object_component>
      <object_component id="oc-1bb">
         <name>.debug_info</name>
         <load_address>0x62c9</load_address>
         <run_address>0x62c9</run_address>
         <size>0x258</size>
         <input_file_ref idref="fl-3f"/>
      </object_component>
      <object_component id="oc-1bc">
         <name>.debug_info</name>
         <load_address>0x6521</load_address>
         <run_address>0x6521</run_address>
         <size>0x2c</size>
         <input_file_ref idref="fl-24"/>
      </object_component>
      <object_component id="oc-1c3">
         <name>.debug_info</name>
         <load_address>0x654d</load_address>
         <run_address>0x654d</run_address>
         <size>0xc8</size>
         <input_file_ref idref="fl-3a"/>
      </object_component>
      <object_component id="oc-1ce">
         <name>.debug_info</name>
         <load_address>0x6615</load_address>
         <run_address>0x6615</run_address>
         <size>0x11c</size>
         <input_file_ref idref="fl-4d"/>
      </object_component>
      <object_component id="oc-1d3">
         <name>.debug_info</name>
         <load_address>0x6731</load_address>
         <run_address>0x6731</run_address>
         <size>0x1a8</size>
         <input_file_ref idref="fl-44"/>
      </object_component>
      <object_component id="oc-1d9">
         <name>.debug_info</name>
         <load_address>0x68d9</load_address>
         <run_address>0x68d9</run_address>
         <size>0x1d2</size>
         <input_file_ref idref="fl-3f"/>
      </object_component>
      <object_component id="oc-1dd">
         <name>.debug_info</name>
         <load_address>0x6aab</load_address>
         <run_address>0x6aab</run_address>
         <size>0x183</size>
         <input_file_ref idref="fl-4b"/>
      </object_component>
      <object_component id="oc-1e4">
         <name>.debug_info</name>
         <load_address>0x6c2e</load_address>
         <run_address>0x6c2e</run_address>
         <size>0x101</size>
         <input_file_ref idref="fl-3a"/>
      </object_component>
      <object_component id="oc-1e9">
         <name>.debug_info</name>
         <load_address>0x6d2f</load_address>
         <run_address>0x6d2f</run_address>
         <size>0x114</size>
         <input_file_ref idref="fl-24"/>
      </object_component>
      <object_component id="oc-1ed">
         <name>.debug_info</name>
         <load_address>0x6e43</load_address>
         <run_address>0x6e43</run_address>
         <size>0xaf</size>
         <input_file_ref idref="fl-46"/>
      </object_component>
      <object_component id="oc-1ef">
         <name>.debug_info</name>
         <load_address>0x6ef2</load_address>
         <run_address>0x6ef2</run_address>
         <size>0x137</size>
         <input_file_ref idref="fl-44"/>
      </object_component>
      <object_component id="oc-1f1">
         <name>.debug_info</name>
         <load_address>0x7029</load_address>
         <run_address>0x7029</run_address>
         <size>0x120</size>
         <input_file_ref idref="fl-3f"/>
      </object_component>
      <object_component id="oc-1f5">
         <name>.debug_info</name>
         <load_address>0x7149</load_address>
         <run_address>0x7149</run_address>
         <size>0x1f2</size>
         <input_file_ref idref="fl-3f"/>
      </object_component>
      <object_component id="oc-1fa">
         <name>.debug_info</name>
         <load_address>0x733b</load_address>
         <run_address>0x733b</run_address>
         <size>0x113</size>
         <input_file_ref idref="fl-4b"/>
      </object_component>
      <object_component id="oc-1ff">
         <name>.debug_info</name>
         <load_address>0x744e</load_address>
         <run_address>0x744e</run_address>
         <size>0x115</size>
         <input_file_ref idref="fl-46"/>
      </object_component>
      <object_component id="oc-203">
         <name>.debug_info</name>
         <load_address>0x7563</load_address>
         <run_address>0x7563</run_address>
         <size>0x70</size>
         <input_file_ref idref="fl-3f"/>
      </object_component>
      <object_component id="oc-209">
         <name>.debug_info</name>
         <load_address>0x75d3</load_address>
         <run_address>0x75d3</run_address>
         <size>0x168</size>
         <input_file_ref idref="fl-3f"/>
      </object_component>
      <object_component id="oc-20d">
         <name>.debug_info</name>
         <load_address>0x773b</load_address>
         <run_address>0x773b</run_address>
         <size>0x1a1</size>
         <input_file_ref idref="fl-4c"/>
      </object_component>
      <object_component id="oc-215">
         <name>.debug_info</name>
         <load_address>0x78dc</load_address>
         <run_address>0x78dc</run_address>
         <size>0x18b</size>
         <input_file_ref idref="fl-24"/>
      </object_component>
      <object_component id="oc-21b">
         <name>.debug_info</name>
         <load_address>0x7a67</load_address>
         <run_address>0x7a67</run_address>
         <size>0x1c8</size>
         <input_file_ref idref="fl-4a"/>
      </object_component>
      <object_component id="oc-21f">
         <name>.debug_info</name>
         <load_address>0x7c2f</load_address>
         <run_address>0x7c2f</run_address>
         <size>0xd7</size>
         <input_file_ref idref="fl-47"/>
      </object_component>
      <object_component id="oc-223">
         <name>.debug_info</name>
         <load_address>0x7d06</load_address>
         <run_address>0x7d06</run_address>
         <size>0x4bf</size>
         <input_file_ref idref="fl-4a"/>
      </object_component>
      <object_component id="oc-228">
         <name>.debug_info</name>
         <load_address>0x81c5</load_address>
         <run_address>0x81c5</run_address>
         <size>0xd9</size>
         <input_file_ref idref="fl-4f"/>
      </object_component>
      <object_component id="oc-22f">
         <name>.debug_info</name>
         <load_address>0x829e</load_address>
         <run_address>0x829e</run_address>
         <size>0x1c9</size>
         <input_file_ref idref="fl-4a"/>
      </object_component>
      <object_component id="oc-26e">
         <name>.debug_info</name>
         <load_address>0x8467</load_address>
         <run_address>0x8467</run_address>
         <size>0x89</size>
      </object_component>
      <object_component id="oc-31">
         <name>.debug_line</name>
         <load_address>0x0</load_address>
         <run_address>0x0</run_address>
         <size>0x3b</size>
         <input_file_ref idref="fl-20"/>
      </object_component>
      <object_component id="oc-39">
         <name>.debug_line</name>
         <load_address>0x3b</load_address>
         <run_address>0x3b</run_address>
         <size>0x4a</size>
         <input_file_ref idref="fl-23"/>
      </object_component>
      <object_component id="oc-42">
         <name>.debug_line</name>
         <load_address>0x85</load_address>
         <run_address>0x85</run_address>
         <size>0x4b</size>
         <input_file_ref idref="fl-3"/>
      </object_component>
      <object_component id="oc-48">
         <name>.debug_line</name>
         <load_address>0xd0</load_address>
         <run_address>0xd0</run_address>
         <size>0x40</size>
         <input_file_ref idref="fl-4"/>
      </object_component>
      <object_component id="oc-4f">
         <name>.debug_line</name>
         <load_address>0x110</load_address>
         <run_address>0x110</run_address>
         <size>0x3c</size>
         <input_file_ref idref="fl-39"/>
      </object_component>
      <object_component id="oc-53">
         <name>.debug_line</name>
         <load_address>0x14c</load_address>
         <run_address>0x14c</run_address>
         <size>0x4e</size>
         <input_file_ref idref="fl-45"/>
      </object_component>
      <object_component id="oc-57">
         <name>.debug_line</name>
         <load_address>0x19a</load_address>
         <run_address>0x19a</run_address>
         <size>0x68</size>
         <input_file_ref idref="fl-5"/>
      </object_component>
      <object_component id="oc-5c">
         <name>.debug_line</name>
         <load_address>0x202</load_address>
         <run_address>0x202</run_address>
         <size>0x38</size>
         <input_file_ref idref="fl-2a"/>
      </object_component>
      <object_component id="oc-61">
         <name>.debug_line</name>
         <load_address>0x23a</load_address>
         <run_address>0x23a</run_address>
         <size>0x3f</size>
         <input_file_ref idref="fl-34"/>
      </object_component>
      <object_component id="oc-6c">
         <name>.debug_line</name>
         <load_address>0x279</load_address>
         <run_address>0x279</run_address>
         <size>0x34</size>
         <input_file_ref idref="fl-23"/>
      </object_component>
      <object_component id="oc-7f">
         <name>.debug_line</name>
         <load_address>0x2ad</load_address>
         <run_address>0x2ad</run_address>
         <size>0x2a</size>
         <input_file_ref idref="fl-20"/>
      </object_component>
      <object_component id="oc-82">
         <name>.debug_line</name>
         <load_address>0x2d7</load_address>
         <run_address>0x2d7</run_address>
         <size>0x20</size>
         <input_file_ref idref="fl-20"/>
      </object_component>
      <object_component id="oc-88">
         <name>.debug_line</name>
         <load_address>0x2f7</load_address>
         <run_address>0x2f7</run_address>
         <size>0x20</size>
         <input_file_ref idref="fl-22"/>
      </object_component>
      <object_component id="oc-8d">
         <name>.debug_line</name>
         <load_address>0x317</load_address>
         <run_address>0x317</run_address>
         <size>0x40</size>
         <input_file_ref idref="fl-29"/>
      </object_component>
      <object_component id="oc-92">
         <name>.debug_line</name>
         <load_address>0x357</load_address>
         <run_address>0x357</run_address>
         <size>0x41</size>
         <input_file_ref idref="fl-5"/>
      </object_component>
      <object_component id="oc-97">
         <name>.debug_line</name>
         <load_address>0x398</load_address>
         <run_address>0x398</run_address>
         <size>0x49</size>
         <input_file_ref idref="fl-3"/>
      </object_component>
      <object_component id="oc-9c">
         <name>.debug_line</name>
         <load_address>0x3e1</load_address>
         <run_address>0x3e1</run_address>
         <size>0x41</size>
         <input_file_ref idref="fl-4"/>
      </object_component>
      <object_component id="oc-a2">
         <name>.debug_line</name>
         <load_address>0x422</load_address>
         <run_address>0x422</run_address>
         <size>0x4b</size>
         <input_file_ref idref="fl-3"/>
      </object_component>
      <object_component id="oc-a7">
         <name>.debug_line</name>
         <load_address>0x46d</load_address>
         <run_address>0x46d</run_address>
         <size>0x43</size>
         <input_file_ref idref="fl-4"/>
      </object_component>
      <object_component id="oc-ac">
         <name>.debug_line</name>
         <load_address>0x4b0</load_address>
         <run_address>0x4b0</run_address>
         <size>0x55</size>
         <input_file_ref idref="fl-2d"/>
      </object_component>
      <object_component id="oc-b0">
         <name>.debug_line</name>
         <load_address>0x505</load_address>
         <run_address>0x505</run_address>
         <size>0x82</size>
         <input_file_ref idref="fl-2c"/>
      </object_component>
      <object_component id="oc-b4">
         <name>.debug_line</name>
         <load_address>0x587</load_address>
         <run_address>0x587</run_address>
         <size>0x40</size>
         <input_file_ref idref="fl-25"/>
      </object_component>
      <object_component id="oc-b8">
         <name>.debug_line</name>
         <load_address>0x5c7</load_address>
         <run_address>0x5c7</run_address>
         <size>0x3f</size>
         <input_file_ref idref="fl-36"/>
      </object_component>
      <object_component id="oc-bc">
         <name>.debug_line</name>
         <load_address>0x606</load_address>
         <run_address>0x606</run_address>
         <size>0x3a</size>
         <input_file_ref idref="fl-3d"/>
      </object_component>
      <object_component id="oc-c0">
         <name>.debug_line</name>
         <load_address>0x640</load_address>
         <run_address>0x640</run_address>
         <size>0x3f</size>
         <input_file_ref idref="fl-28"/>
      </object_component>
      <object_component id="oc-c4">
         <name>.debug_line</name>
         <load_address>0x67f</load_address>
         <run_address>0x67f</run_address>
         <size>0x40</size>
         <input_file_ref idref="fl-24"/>
      </object_component>
      <object_component id="oc-c8">
         <name>.debug_line</name>
         <load_address>0x6bf</load_address>
         <run_address>0x6bf</run_address>
         <size>0x5b</size>
         <input_file_ref idref="fl-2"/>
      </object_component>
      <object_component id="oc-d2">
         <name>.debug_line</name>
         <load_address>0x71a</load_address>
         <run_address>0x71a</run_address>
         <size>0x44</size>
         <input_file_ref idref="fl-22"/>
      </object_component>
      <object_component id="oc-e0">
         <name>.debug_line</name>
         <load_address>0x75e</load_address>
         <run_address>0x75e</run_address>
         <size>0x2e</size>
         <input_file_ref idref="fl-3"/>
      </object_component>
      <object_component id="oc-ea">
         <name>.debug_line</name>
         <load_address>0x78c</load_address>
         <run_address>0x78c</run_address>
         <size>0x20</size>
         <input_file_ref idref="fl-4"/>
      </object_component>
      <object_component id="oc-f1">
         <name>.debug_line</name>
         <load_address>0x7ac</load_address>
         <run_address>0x7ac</run_address>
         <size>0x4e</size>
         <input_file_ref idref="fl-42"/>
      </object_component>
      <object_component id="oc-f5">
         <name>.debug_line</name>
         <load_address>0x7fa</load_address>
         <run_address>0x7fa</run_address>
         <size>0x4e</size>
         <input_file_ref idref="fl-30"/>
      </object_component>
      <object_component id="oc-f9">
         <name>.debug_line</name>
         <load_address>0x848</load_address>
         <run_address>0x848</run_address>
         <size>0x56</size>
         <input_file_ref idref="fl-43"/>
      </object_component>
      <object_component id="oc-fe">
         <name>.debug_line</name>
         <load_address>0x89e</load_address>
         <run_address>0x89e</run_address>
         <size>0x20</size>
         <input_file_ref idref="fl-24"/>
      </object_component>
      <object_component id="oc-103">
         <name>.debug_line</name>
         <load_address>0x8be</load_address>
         <run_address>0x8be</run_address>
         <size>0x42</size>
         <input_file_ref idref="fl-49"/>
      </object_component>
      <object_component id="oc-108">
         <name>.debug_line</name>
         <load_address>0x900</load_address>
         <run_address>0x900</run_address>
         <size>0x3f</size>
         <input_file_ref idref="fl-40"/>
      </object_component>
      <object_component id="oc-10d">
         <name>.debug_line</name>
         <load_address>0x93f</load_address>
         <run_address>0x93f</run_address>
         <size>0x5e</size>
         <input_file_ref idref="fl-32"/>
      </object_component>
      <object_component id="oc-111">
         <name>.debug_line</name>
         <load_address>0x99d</load_address>
         <run_address>0x99d</run_address>
         <size>0x62</size>
         <input_file_ref idref="fl-2b"/>
      </object_component>
      <object_component id="oc-116">
         <name>.debug_line</name>
         <load_address>0x9ff</load_address>
         <run_address>0x9ff</run_address>
         <size>0x56</size>
         <input_file_ref idref="fl-31"/>
      </object_component>
      <object_component id="oc-11b">
         <name>.debug_line</name>
         <load_address>0xa55</load_address>
         <run_address>0xa55</run_address>
         <size>0x5a</size>
         <input_file_ref idref="fl-35"/>
      </object_component>
      <object_component id="oc-120">
         <name>.debug_line</name>
         <load_address>0xaaf</load_address>
         <run_address>0xaaf</run_address>
         <size>0x68</size>
         <input_file_ref idref="fl-2f"/>
      </object_component>
      <object_component id="oc-124">
         <name>.debug_line</name>
         <load_address>0xb17</load_address>
         <run_address>0xb17</run_address>
         <size>0x93</size>
         <input_file_ref idref="fl-2e"/>
      </object_component>
      <object_component id="oc-128">
         <name>.debug_line</name>
         <load_address>0xbaa</load_address>
         <run_address>0xbaa</run_address>
         <size>0x4d</size>
         <input_file_ref idref="fl-26"/>
      </object_component>
      <object_component id="oc-12c">
         <name>.debug_line</name>
         <load_address>0xbf7</load_address>
         <run_address>0xbf7</run_address>
         <size>0x41</size>
         <input_file_ref idref="fl-3a"/>
      </object_component>
      <object_component id="oc-130">
         <name>.debug_line</name>
         <load_address>0xc38</load_address>
         <run_address>0xc38</run_address>
         <size>0x5a</size>
         <input_file_ref idref="fl-3c"/>
      </object_component>
      <object_component id="oc-136">
         <name>.debug_line</name>
         <load_address>0xc92</load_address>
         <run_address>0xc92</run_address>
         <size>0x20</size>
         <input_file_ref idref="fl-2"/>
      </object_component>
      <object_component id="oc-13a">
         <name>.debug_line</name>
         <load_address>0xcb2</load_address>
         <run_address>0xcb2</run_address>
         <size>0x80</size>
         <input_file_ref idref="fl-5"/>
      </object_component>
      <object_component id="oc-13d">
         <name>.debug_line</name>
         <load_address>0xd32</load_address>
         <run_address>0xd32</run_address>
         <size>0x20</size>
         <input_file_ref idref="fl-3"/>
      </object_component>
      <object_component id="oc-141">
         <name>.debug_line</name>
         <load_address>0xd52</load_address>
         <run_address>0xd52</run_address>
         <size>0x20</size>
         <input_file_ref idref="fl-34"/>
      </object_component>
      <object_component id="oc-144">
         <name>.debug_line</name>
         <load_address>0xd72</load_address>
         <run_address>0xd72</run_address>
         <size>0x20</size>
         <input_file_ref idref="fl-34"/>
      </object_component>
      <object_component id="oc-14a">
         <name>.debug_line</name>
         <load_address>0xd92</load_address>
         <run_address>0xd92</run_address>
         <size>0x20</size>
         <input_file_ref idref="fl-23"/>
      </object_component>
      <object_component id="oc-14c">
         <name>.debug_line</name>
         <load_address>0xdb2</load_address>
         <run_address>0xdb2</run_address>
         <size>0x55</size>
         <input_file_ref idref="fl-3"/>
      </object_component>
      <object_component id="oc-152">
         <name>.debug_line</name>
         <load_address>0xe07</load_address>
         <run_address>0xe07</run_address>
         <size>0x65</size>
         <input_file_ref idref="fl-33"/>
      </object_component>
      <object_component id="oc-156">
         <name>.debug_line</name>
         <load_address>0xe6c</load_address>
         <run_address>0xe6c</run_address>
         <size>0x4b</size>
         <input_file_ref idref="fl-38"/>
      </object_component>
      <object_component id="oc-15c">
         <name>.debug_line</name>
         <load_address>0xeb7</load_address>
         <run_address>0xeb7</run_address>
         <size>0x42</size>
         <input_file_ref idref="fl-48"/>
      </object_component>
      <object_component id="oc-162">
         <name>.debug_line</name>
         <load_address>0xef9</load_address>
         <run_address>0xef9</run_address>
         <size>0x42</size>
         <input_file_ref idref="fl-37"/>
      </object_component>
      <object_component id="oc-16d">
         <name>.debug_line</name>
         <load_address>0xf3b</load_address>
         <run_address>0xf3b</run_address>
         <size>0x43</size>
         <input_file_ref idref="fl-27"/>
      </object_component>
      <object_component id="oc-172">
         <name>.debug_line</name>
         <load_address>0xf7e</load_address>
         <run_address>0xf7e</run_address>
         <size>0x3e</size>
         <input_file_ref idref="fl-3a"/>
      </object_component>
      <object_component id="oc-176">
         <name>.debug_line</name>
         <load_address>0xfbc</load_address>
         <run_address>0xfbc</run_address>
         <size>0x3e</size>
         <input_file_ref idref="fl-3a"/>
      </object_component>
      <object_component id="oc-17a">
         <name>.debug_line</name>
         <load_address>0xffa</load_address>
         <run_address>0xffa</run_address>
         <size>0x4f</size>
         <input_file_ref idref="fl-3f"/>
      </object_component>
      <object_component id="oc-181">
         <name>.debug_line</name>
         <load_address>0x1049</load_address>
         <run_address>0x1049</run_address>
         <size>0xa5</size>
         <input_file_ref idref="fl-2"/>
      </object_component>
      <object_component id="oc-184">
         <name>.debug_line</name>
         <load_address>0x10ee</load_address>
         <run_address>0x10ee</run_address>
         <size>0x5b</size>
         <input_file_ref idref="fl-2"/>
      </object_component>
      <object_component id="oc-18a">
         <name>.debug_line</name>
         <load_address>0x1149</load_address>
         <run_address>0x1149</run_address>
         <size>0x20</size>
         <input_file_ref idref="fl-49"/>
      </object_component>
      <object_component id="oc-18d">
         <name>.debug_line</name>
         <load_address>0x1169</load_address>
         <run_address>0x1169</run_address>
         <size>0x2e</size>
         <input_file_ref idref="fl-28"/>
      </object_component>
      <object_component id="oc-192">
         <name>.debug_line</name>
         <load_address>0x1197</load_address>
         <run_address>0x1197</run_address>
         <size>0x3e</size>
         <input_file_ref idref="fl-31"/>
      </object_component>
      <object_component id="oc-196">
         <name>.debug_line</name>
         <load_address>0x11d5</load_address>
         <run_address>0x11d5</run_address>
         <size>0x42</size>
         <input_file_ref idref="fl-33"/>
      </object_component>
      <object_component id="oc-19a">
         <name>.debug_line</name>
         <load_address>0x1217</load_address>
         <run_address>0x1217</run_address>
         <size>0x3e</size>
         <input_file_ref idref="fl-43"/>
      </object_component>
      <object_component id="oc-19e">
         <name>.debug_line</name>
         <load_address>0x1255</load_address>
         <run_address>0x1255</run_address>
         <size>0x5b</size>
         <input_file_ref idref="fl-4d"/>
      </object_component>
      <object_component id="oc-1a4">
         <name>.debug_line</name>
         <load_address>0x12b0</load_address>
         <run_address>0x12b0</run_address>
         <size>0x20</size>
         <input_file_ref idref="fl-2b"/>
      </object_component>
      <object_component id="oc-1a6">
         <name>.debug_line</name>
         <load_address>0x12d0</load_address>
         <run_address>0x12d0</run_address>
         <size>0x20</size>
         <input_file_ref idref="fl-35"/>
      </object_component>
      <object_component id="oc-1ac">
         <name>.debug_line</name>
         <load_address>0x12f0</load_address>
         <run_address>0x12f0</run_address>
         <size>0x43</size>
         <input_file_ref idref="fl-3f"/>
      </object_component>
      <object_component id="oc-1b0">
         <name>.debug_line</name>
         <load_address>0x1333</load_address>
         <run_address>0x1333</run_address>
         <size>0x4f</size>
         <input_file_ref idref="fl-3f"/>
      </object_component>
      <object_component id="oc-1b4">
         <name>.debug_line</name>
         <load_address>0x1382</load_address>
         <run_address>0x1382</run_address>
         <size>0x42</size>
         <input_file_ref idref="fl-3f"/>
      </object_component>
      <object_component id="oc-1b8">
         <name>.debug_line</name>
         <load_address>0x13c4</load_address>
         <run_address>0x13c4</run_address>
         <size>0x4e</size>
         <input_file_ref idref="fl-3f"/>
      </object_component>
      <object_component id="oc-1be">
         <name>.debug_line</name>
         <load_address>0x1412</load_address>
         <run_address>0x1412</run_address>
         <size>0x44</size>
         <input_file_ref idref="fl-24"/>
      </object_component>
      <object_component id="oc-1c2">
         <name>.debug_line</name>
         <load_address>0x1456</load_address>
         <run_address>0x1456</run_address>
         <size>0x51</size>
         <input_file_ref idref="fl-3a"/>
      </object_component>
      <object_component id="oc-1c5">
         <name>.debug_line</name>
         <load_address>0x14a7</load_address>
         <run_address>0x14a7</run_address>
         <size>0x43</size>
         <input_file_ref idref="fl-3a"/>
      </object_component>
      <object_component id="oc-1c9">
         <name>.debug_line</name>
         <load_address>0x14ea</load_address>
         <run_address>0x14ea</run_address>
         <size>0x20</size>
         <input_file_ref idref="fl-3c"/>
      </object_component>
      <object_component id="oc-1d0">
         <name>.debug_line</name>
         <load_address>0x150a</load_address>
         <run_address>0x150a</run_address>
         <size>0x2d</size>
         <input_file_ref idref="fl-48"/>
      </object_component>
      <object_component id="oc-1d4">
         <name>.debug_line</name>
         <load_address>0x1537</load_address>
         <run_address>0x1537</run_address>
         <size>0x47</size>
         <input_file_ref idref="fl-44"/>
      </object_component>
      <object_component id="oc-1da">
         <name>.debug_line</name>
         <load_address>0x157e</load_address>
         <run_address>0x157e</run_address>
         <size>0x45</size>
         <input_file_ref idref="fl-3f"/>
      </object_component>
      <object_component id="oc-1de">
         <name>.debug_line</name>
         <load_address>0x15c3</load_address>
         <run_address>0x15c3</run_address>
         <size>0x42</size>
         <input_file_ref idref="fl-4b"/>
      </object_component>
      <object_component id="oc-1e3">
         <name>.debug_line</name>
         <load_address>0x1605</load_address>
         <run_address>0x1605</run_address>
         <size>0x76</size>
         <input_file_ref idref="fl-3f"/>
      </object_component>
      <object_component id="oc-1e6">
         <name>.debug_line</name>
         <load_address>0x167b</load_address>
         <run_address>0x167b</run_address>
         <size>0x44</size>
         <input_file_ref idref="fl-3a"/>
      </object_component>
      <object_component id="oc-1eb">
         <name>.debug_line</name>
         <load_address>0x16bf</load_address>
         <run_address>0x16bf</run_address>
         <size>0x20</size>
         <input_file_ref idref="fl-4d"/>
      </object_component>
      <object_component id="oc-1f2">
         <name>.debug_line</name>
         <load_address>0x16df</load_address>
         <run_address>0x16df</run_address>
         <size>0x44</size>
         <input_file_ref idref="fl-3f"/>
      </object_component>
      <object_component id="oc-1f6">
         <name>.debug_line</name>
         <load_address>0x1723</load_address>
         <run_address>0x1723</run_address>
         <size>0x4c</size>
         <input_file_ref idref="fl-3f"/>
      </object_component>
      <object_component id="oc-1fc">
         <name>.debug_line</name>
         <load_address>0x176f</load_address>
         <run_address>0x176f</run_address>
         <size>0x20</size>
         <input_file_ref idref="fl-24"/>
      </object_component>
      <object_component id="oc-1fe">
         <name>.debug_line</name>
         <load_address>0x178f</load_address>
         <run_address>0x178f</run_address>
         <size>0x2b</size>
         <input_file_ref idref="fl-46"/>
      </object_component>
      <object_component id="oc-201">
         <name>.debug_line</name>
         <load_address>0x17ba</load_address>
         <run_address>0x17ba</run_address>
         <size>0x43</size>
         <input_file_ref idref="fl-44"/>
      </object_component>
      <object_component id="oc-205">
         <name>.debug_line</name>
         <load_address>0x17fd</load_address>
         <run_address>0x17fd</run_address>
         <size>0x2e</size>
         <input_file_ref idref="fl-3f"/>
[...]
         <name>__mspabi_mpyf</name>
         <value>0xe0ce</value>
         <object_component_ref idref="oc-122"/>
      </symbol>
      <symbol id="sm-227">
         <name>__mspabi_fixfi</name>
         <value>0xe548</value>
         <object_component_ref idref="oc-11e"/>
      </symbol>
      <symbol id="sm-22e">
         <name>__mspabi_slli</name>
         <value>0xe9ea</value>
         <object_component_ref idref="oc-f3"/>
      </symbol>
      <symbol id="sm-22f">
         <name>__mspabi_slli_9</name>
         <value>0xea02</value>
         <object_component_ref idref="oc-f3"/>
      </symbol>
      <symbol id="sm-230">
         <name>__mspabi_slli_8</name>
         <value>0xea04</value>
         <object_component_ref idref="oc-f3"/>
      </symbol>
      <symbol id="sm-231">
         <name>__mspabi_slli_7</name>
         <value>0xea06</value>
         <object_component_ref idref="oc-f3"/>
      </symbol>
      <symbol id="sm-232">
         <name>__mspabi_slli_6</name>
         <value>0xea08</value>
         <object_component_ref idref="oc-f3"/>
      </symbol>
      <symbol id="sm-233">
         <name>__mspabi_slli_5</name>
         <value>0xea0a</value>
         <object_component_ref idref="oc-f3"/>
      </symbol>
      <symbol id="sm-234">
         <name>__mspabi_slli_4</name>
         <value>0xea0c</value>
         <object_component_ref idref="oc-f3"/>
      </symbol>
      <symbol id="sm-235">
         <name>__mspabi_slli_3</name>
         <value>0xea0e</value>
         <object_component_ref idref="oc-f3"/>
      </symbol>
      <symbol id="sm-236">
         <name>__mspabi_slli_2</name>
         <value>0xea10</value>
         <object_component_ref idref="oc-f3"/>
      </symbol>
      <symbol id="sm-237">
         <name>__mspabi_slli_1</name>
         <value>0xea12</value>
         <object_component_ref idref="oc-f3"/>
      </symbol>
      <symbol id="sm-238">
         <name>__mspabi_slli_15</name>
         <value>0xe9f6</value>
         <object_component_ref idref="oc-f3"/>
      </symbol>
      <symbol id="sm-239">
         <name>__mspabi_slli_14</name>
         <value>0xe9f8</value>
         <object_component_ref idref="oc-f3"/>
      </symbol>
      <symbol id="sm-23a">
         <name>__mspabi_slli_13</name>
         <value>0xe9fa</value>
         <object_component_ref idref="oc-f3"/>
      </symbol>
      <symbol id="sm-23b">
         <name>__mspabi_slli_12</name>
         <value>0xe9fc</value>
         <object_component_ref idref="oc-f3"/>
      </symbol>
      <symbol id="sm-23c">
         <name>__mspabi_slli_11</name>
         <value>0xe9fe</value>
         <object_component_ref idref="oc-f3"/>
      </symbol>
      <symbol id="sm-23d">
         <name>__mspabi_slli_10</name>
         <value>0xea00</value>
         <object_component_ref idref="oc-f3"/>
      </symbol>
      <symbol id="sm-24b">
         <name>__mspabi_slll_9</name>
         <value>0xe88e</value>
         <object_component_ref idref="oc-114"/>
      </symbol>
      <symbol id="sm-24c">
         <name>__mspabi_slll_8</name>
         <value>0xe892</value>
         <object_component_ref idref="oc-114"/>
      </symbol>
      <symbol id="sm-24d">
         <name>__mspabi_slll_7</name>
         <value>0xe896</value>
         <object_component_ref idref="oc-114"/>
      </symbol>
      <symbol id="sm-24e">
         <name>__mspabi_slll_6</name>
         <value>0xe89a</value>
         <object_component_ref idref="oc-114"/>
      </symbol>
      <symbol id="sm-24f">
         <name>__mspabi_slll_5</name>
         <value>0xe89e</value>
         <object_component_ref idref="oc-114"/>
      </symbol>
      <symbol id="sm-250">
         <name>__mspabi_slll_4</name>
         <value>0xe8a2</value>
         <object_component_ref idref="oc-114"/>
      </symbol>
      <symbol id="sm-251">
         <name>__mspabi_slll_3</name>
         <value>0xe8a6</value>
         <object_component_ref idref="oc-114"/>
      </symbol>
      <symbol id="sm-252">
         <name>__mspabi_slll_2</name>
         <value>0xe8aa</value>
         <object_component_ref idref="oc-114"/>
      </symbol>
      <symbol id="sm-253">
         <name>__mspabi_slll_1</name>
         <value>0xe8ae</value>
         <object_component_ref idref="oc-114"/>
      </symbol>
      <symbol id="sm-254">
         <name>__mspabi_slll</name>
         <value>0xeba2</value>
         <object_component_ref idref="oc-190"/>
      </symbol>
      <symbol id="sm-255">
         <name>__mspabi_slll_15</name>
         <value>0xe876</value>
         <object_component_ref idref="oc-114"/>
      </symbol>
      <symbol id="sm-256">
         <name>__mspabi_slll_14</name>
         <value>0xe87a</value>
         <object_component_ref idref="oc-114"/>
      </symbol>
      <symbol id="sm-257">
         <name>__mspabi_slll_13</name>
         <value>0xe87e</value>
         <object_component_ref idref="oc-114"/>
      </symbol>
      <symbol id="sm-258">
         <name>__mspabi_slll_12</name>
         <value>0xe882</value>
         <object_component_ref idref="oc-114"/>
      </symbol>
      <symbol id="sm-259">
         <name>__mspabi_slll_11</name>
         <value>0xe886</value>
         <object_component_ref idref="oc-114"/>
      </symbol>
      <symbol id="sm-25a">
         <name>__mspabi_slll_10</name>
         <value>0xe88a</value>
         <object_component_ref idref="oc-114"/>
      </symbol>
      <symbol id="sm-261">
         <name>__mspabi_srli_8</name>
         <value>0xe740</value>
         <object_component_ref idref="oc-10b"/>
      </symbol>
      <symbol id="sm-262">
         <name>__mspabi_srli_9</name>
         <value>0xe73c</value>
         <object_component_ref idref="oc-10b"/>
      </symbol>
      <symbol id="sm-263">
         <name>__mspabi_srli_6</name>
         <value>0xe748</value>
         <object_component_ref idref="oc-10b"/>
      </symbol>
      <symbol id="sm-264">
         <name>__mspabi_srli_7</name>
         <value>0xe744</value>
         <object_component_ref idref="oc-10b"/>
      </symbol>
      <symbol id="sm-265">
         <name>__mspabi_srli_4</name>
         <value>0xe750</value>
         <object_component_ref idref="oc-10b"/>
      </symbol>
      <symbol id="sm-266">
         <name>__mspabi_srli_5</name>
         <value>0xe74c</value>
         <object_component_ref idref="oc-10b"/>
      </symbol>
      <symbol id="sm-267">
         <name>__mspabi_srli_2</name>
         <value>0xe758</value>
         <object_component_ref idref="oc-10b"/>
      </symbol>
      <symbol id="sm-268">
         <name>__mspabi_srli_3</name>
         <value>0xe754</value>
         <object_component_ref idref="oc-10b"/>
      </symbol>
      <symbol id="sm-269">
         <name>__mspabi_srli_1</name>
         <value>0xe75c</value>
         <object_component_ref idref="oc-10b"/>
      </symbol>
      <symbol id="sm-26a">
         <name>__mspabi_srli</name>
         <value>0xe716</value>
         <object_component_ref idref="oc-10b"/>
      </symbol>
      <symbol id="sm-26b">
         <name>__mspabi_srli_15</name>
         <value>0xe724</value>
         <object_component_ref idref="oc-10b"/>
      </symbol>
      <symbol id="sm-26c">
         <name>__mspabi_srli_14</name>
         <value>0xe728</value>
         <object_component_ref idref="oc-10b"/>
      </symbol>
      <symbol id="sm-26d">
         <name>__mspabi_srli_13</name>
         <value>0xe72c</value>
         <object_component_ref idref="oc-10b"/>
      </symbol>
      <symbol id="sm-26e">
         <name>__mspabi_srli_12</name>
         <value>0xe730</value>
         <object_component_ref idref="oc-10b"/>
      </symbol>
      <symbol id="sm-26f">
         <name>__mspabi_srli_11</name>
         <value>0xe734</value>
         <object_component_ref idref="oc-10b"/>
      </symbol>
      <symbol id="sm-270">
         <name>__mspabi_srli_10</name>
         <value>0xe738</value>
         <object_component_ref idref="oc-10b"/>
      </symbol>
      <symbol id="sm-27e">
         <name>__mspabi_srll_8</name>
         <value>0xe638</value>
         <object_component_ref idref="oc-150"/>
      </symbol>
      <symbol id="sm-27f">
         <name>__mspabi_srll_9</name>
         <value>0xe632</value>
         <object_component_ref idref="oc-150"/>
      </symbol>
      <symbol id="sm-280">
         <name>__mspabi_srll_6</name>
         <value>0xe644</value>
         <object_component_ref idref="oc-150"/>
      </symbol>
      <symbol id="sm-281">
         <name>__mspabi_srll_7</name>
         <value>0xe63e</value>
         <object_component_ref idref="oc-150"/>
      </symbol>
      <symbol id="sm-282">
         <name>__mspabi_srll_4</name>
         <value>0xe650</value>
         <object_component_ref idref="oc-150"/>
      </symbol>
      <symbol id="sm-283">
         <name>__mspabi_srll_5</name>
         <value>0xe64a</value>
         <object_component_ref idref="oc-150"/>
      </symbol>
      <symbol id="sm-284">
         <name>__mspabi_srll_2</name>
         <value>0xe65c</value>
         <object_component_ref idref="oc-150"/>
      </symbol>
      <symbol id="sm-285">
         <name>__mspabi_srll_3</name>
         <value>0xe656</value>
         <object_component_ref idref="oc-150"/>
      </symbol>
      <symbol id="sm-286">
         <name>__mspabi_srll_1</name>
         <value>0xe662</value>
         <object_component_ref idref="oc-150"/>
      </symbol>
      <symbol id="sm-287">
         <name>__mspabi_srll_15</name>
         <value>0xe60e</value>
         <object_component_ref idref="oc-150"/>
      </symbol>
      <symbol id="sm-288">
         <name>__mspabi_srll_14</name>
         <value>0xe614</value>
         <object_component_ref idref="oc-150"/>
      </symbol>
      <symbol id="sm-289">
         <name>__mspabi_srll_13</name>
         <value>0xe61a</value>
         <object_component_ref idref="oc-150"/>
      </symbol>
      <symbol id="sm-28a">
         <name>__mspabi_srll_12</name>
         <value>0xe620</value>
         <object_component_ref idref="oc-150"/>
      </symbol>
      <symbol id="sm-28b">
         <name>__mspabi_srll_11</name>
         <value>0xe626</value>
         <object_component_ref idref="oc-150"/>
      </symbol>
      <symbol id="sm-28c">
         <name>__mspabi_srll_10</name>
         <value>0xe62c</value>
         <object_component_ref idref="oc-150"/>
      </symbol>
      <symbol id="sm-28d">
         <name>__mspabi_srll</name>
         <value>0xeb6e</value>
         <object_component_ref idref="oc-194"/>
      </symbol>
      <symbol id="sm-29e">
         <name>memcpy</name>
         <value>0xeb80</value>
         <object_component_ref idref="oc-5f"/>
      </symbol>
      <symbol id="sm-2aa">
         <name>memset</name>
         <value>0xeb34</value>
         <object_component_ref idref="oc-119"/>
      </symbol>
      <symbol id="sm-2c7">
         <name>__mspabi_mpyd</name>
         <value>0xd05e</value>
         <object_component_ref idref="oc-b6"/>
      </symbol>
      <symbol id="sm-2d0">
         <name>__mspabi_mpyi</name>
         <value>0xeb48</value>
         <object_component_ref idref="oc-160"/>
      </symbol>
      <symbol id="sm-2d9">
         <name>__mspabi_mpyl</name>
         <value>0xea40</value>
         <object_component_ref idref="oc-154"/>
      </symbol>
      <symbol id="sm-2e0">
         <name>_system_pre_init</name>
         <value>0xebf4</value>
         <object_component_ref idref="oc-4d"/>
      </symbol>
      <symbol id="sm-300">
         <name>sprintf</name>
         <value>0xe8ee</value>
         <object_component_ref idref="oc-12a"/>
      </symbol>
      <symbol id="sm-30c">
         <name>strlen</name>
         <value>0xebde</value>
         <object_component_ref idref="oc-12e"/>
      </symbol>
      <symbol id="sm-313">
         <name>__mspabi_subd</name>
         <value>0xe926</value>
         <object_component_ref idref="oc-ba"/>
      </symbol>
      <symbol id="sm-3bf">
         <name>_printfi_nofloat</name>
         <value>0xd4ec</value>
         <object_component_ref idref="oc-178"/>
      </symbol>
      <symbol id="sm-3dc">
         <name>__mspabi_addd</name>
         <value>0xcb08</value>
         <object_component_ref idref="oc-106"/>
      </symbol>
      <symbol id="sm-3e4">
         <name>__mspabi_srai</name>
         <value>0xe992</value>
         <object_component_ref idref="oc-ef"/>
      </symbol>
      <symbol id="sm-3e5">
         <name>__mspabi_srai_8</name>
         <value>0xe9ac</value>
         <object_component_ref idref="oc-ef"/>
      </symbol>
      <symbol id="sm-3e6">
         <name>__mspabi_srai_9</name>
         <value>0xe9aa</value>
         <object_component_ref idref="oc-ef"/>
      </symbol>
      <symbol id="sm-3e7">
         <name>__mspabi_srai_6</name>
         <value>0xe9b0</value>
         <object_component_ref idref="oc-ef"/>
      </symbol>
      <symbol id="sm-3e8">
         <name>__mspabi_srai_7</name>
         <value>0xe9ae</value>
         <object_component_ref idref="oc-ef"/>
      </symbol>
      <symbol id="sm-3e9">
         <name>__mspabi_srai_4</name>
         <value>0xe9b4</value>
         <object_component_ref idref="oc-ef"/>
      </symbol>
      <symbol id="sm-3ea">
         <name>__mspabi_srai_5</name>
         <value>0xe9b2</value>
         <object_component_ref idref="oc-ef"/>
      </symbol>
      <symbol id="sm-3eb">
         <name>__mspabi_srai_2</name>
         <value>0xe9b8</value>
         <object_component_ref idref="oc-ef"/>
      </symbol>
      <symbol id="sm-3ec">
         <name>__mspabi_srai_3</name>
         <value>0xe9b6</value>
         <object_component_ref idref="oc-ef"/>
      </symbol>
      <symbol id="sm-3ed">
         <name>__mspabi_srai_1</name>
         <value>0xe9ba</value>
         <object_component_ref idref="oc-ef"/>
      </symbol>
      <symbol id="sm-3ee">
         <name>__mspabi_srai_15</name>
         <value>0xe99e</value>
         <object_component_ref idref="oc-ef"/>
      </symbol>
      <symbol id="sm-3ef">
         <name>__mspabi_srai_14</name>
         <value>0xe9a0</value>
         <object_component_ref idref="oc-ef"/>
      </symbol>
      <symbol id="sm-3f0">
         <name>__mspabi_srai_13</name>
         <value>0xe9a2</value>
         <object_component_ref idref="oc-ef"/>
      </symbol>
      <symbol id="sm-3f1">
         <name>__mspabi_srai_12</name>
         <value>0xe9a4</value>
         <object_component_ref idref="oc-ef"/>
      </symbol>
      <symbol id="sm-3f2">
         <name>__mspabi_srai_11</name>
         <value>0xe9a6</value>
         <object_component_ref idref="oc-ef"/>
      </symbol>
      <symbol id="sm-3f3">
         <name>__mspabi_srai_10</name>
         <value>0xe9a8</value>
         <object_component_ref idref="oc-ef"/>
      </symbol>
      <symbol id="sm-401">
         <name>__mspabi_sral</name>
         <value>0xeb92</value>
         <object_component_ref idref="oc-198"/>
      </symbol>
      <symbol id="sm-402">
         <name>__mspabi_sral_15</name>
         <value>0xe838</value>
         <object_component_ref idref="oc-f7"/>
      </symbol>
      <symbol id="sm-403">
         <name>__mspabi_sral_14</name>
         <value>0xe83c</value>
         <object_component_ref idref="oc-f7"/>
      </symbol>
      <symbol id="sm-404">
         <name>__mspabi_sral_13</name>
         <value>0xe840</value>
         <object_component_ref idref="oc-f7"/>
      </symbol>
      <symbol id="sm-405">
         <name>__mspabi_sral_12</name>
         <value>0xe844</value>
         <object_component_ref idref="oc-f7"/>
      </symbol>
      <symbol id="sm-406">
         <name>__mspabi_sral_11</name>
         <value>0xe848</value>
         <object_component_ref idref="oc-f7"/>
      </symbol>
      <symbol id="sm-407">
         <name>__mspabi_sral_10</name>
         <value>0xe84c</value>
         <object_component_ref idref="oc-f7"/>
      </symbol>
      <symbol id="sm-408">
         <name>__mspabi_sral_8</name>
         <value>0xe854</value>
         <object_component_ref idref="oc-f7"/>
      </symbol>
      <symbol id="sm-409">
         <name>__mspabi_sral_9</name>
         <value>0xe850</value>
         <object_component_ref idref="oc-f7"/>
      </symbol>
      <symbol id="sm-40a">
         <name>__mspabi_sral_6</name>
         <value>0xe85c</value>
         <object_component_ref idref="oc-f7"/>
      </symbol>
      <symbol id="sm-40b">
         <name>__mspabi_sral_7</name>
         <value>0xe858</value>
         <object_component_ref idref="oc-f7"/>
      </symbol>
      <symbol id="sm-40c">
         <name>__mspabi_sral_4</name>
         <value>0xe864</value>
         <object_component_ref idref="oc-f7"/>
      </symbol>
      <symbol id="sm-40d">
         <name>__mspabi_sral_5</name>
         <value>0xe860</value>
         <object_component_ref idref="oc-f7"/>
      </symbol>
      <symbol id="sm-40e">
         <name>__mspabi_sral_2</name>
         <value>0xe86c</value>
         <object_component_ref idref="oc-f7"/>
      </symbol>
      <symbol id="sm-40f">
         <name>__mspabi_sral_3</name>
         <value>0xe868</value>
         <object_component_ref idref="oc-f7"/>
      </symbol>
      <symbol id="sm-410">
         <name>__mspabi_sral_1</name>
         <value>0xe870</value>
         <object_component_ref idref="oc-f7"/>
      </symbol>
      <symbol id="sm-421">
         <name>atoi</name>
         <value>0xe6c2</value>
         <object_component_ref idref="oc-1d2"/>
      </symbol>
      <symbol id="sm-42d">
         <name>_auto_init</name>
         <value>0xe5b0</value>
         <object_component_ref idref="oc-51"/>
      </symbol>
      <symbol id="sm-436">
         <name>_ctypes_</name>
         <value>0xed3a</value>
         <object_component_ref idref="oc-1ec"/>
      </symbol>
      <symbol id="sm-443">
         <name>__mspabi_remul</name>
         <value>0xe66a</value>
         <object_component_ref idref="oc-21e"/>
      </symbol>
      <symbol id="sm-444">
         <name>__mspabi_divul</name>
         <value>0xe66a</value>
         <object_component_ref idref="oc-21e"/>
      </symbol>
      <symbol id="sm-464">
         <name>_frcaddd</name>
         <value>0xcdf0</value>
         <object_component_ref idref="oc-15a"/>
      </symbol>
      <symbol id="sm-473">
         <name>_frcmpyd</name>
         <value>0xc810</value>
         <object_component_ref idref="oc-101"/>
      </symbol>
      <symbol id="sm-4b4">
         <name>__mspabi_srlll</name>
         <value>0xe762</value>
         <object_component_ref idref="oc-21a"/>
      </symbol>
      <symbol id="sm-4b5">
         <name>__mspabi_sllll</name>
         <value>0xe7ac</value>
         <object_component_ref idref="oc-22e"/>
      </symbol>
      <symbol id="sm-4b6">
         <name>__mspabi_divull</name>
         <value>0xc45e</value>
         <object_component_ref idref="oc-222"/>
      </symbol>
      <symbol id="sm-4c3">
         <name>memccpy</name>
         <value>0xeaa4</value>
         <object_component_ref idref="oc-1dc"/>
      </symbol>
      <symbol id="sm-4ca">
         <name>__mspabi_mpyll</name>
         <value>0xddb6</value>
         <object_component_ref idref="oc-20c"/>
      </symbol>
      <symbol id="sm-4dc">
         <name>_renormd</name>
         <value>0xe190</value>
         <object_component_ref idref="oc-19c"/>
      </symbol>
      <symbol id="sm-4e7">
         <name>__mspabi_mpyul</name>
         <value>0xea66</value>
         <object_component_ref idref="oc-227"/>
      </symbol>
      <symbol id="sm-4e8">
         <name>__TI_exit</name>
         <value>0x1</value>
      </symbol>
      <symbol id="sm-4e9">
         <name>__TI_args_main</name>
         <value>0x1</value>
      </symbol>
      <symbol id="sm-4ea">
         <name>__TI_INITARRAY_Base</name>
         <value>0x0</value>
      </symbol>
      <symbol id="sm-4eb">
         <name>__TI_INITARRAY_Limit</name>
         <value>0x0</value>
      </symbol>
   </symbol_table>
</link_info>
